[      74ms] [WARNING] [Vue Router warn]: The route named "Guide_wrap" has a child without a name and an empty path. Using that name won't render the empty path child so you probably want to move the name to the child instead. If this is intentional, add a name to the child route to remove the warning. @ webpack-internal:///./node_modules/vue-router/dist/devtools-EWN81iOl.mjs:142
[   19031ms] [WARNING] [Vue warn]: There is already an app instance mounted on the host container.
 If you want to mount another app on the same host container, you need to unmount the previous app by calling `app.unmount()` first. @ webpack-internal:///./node_modules/@vue/runtime-core/dist/runtime-core.esm-bundler.js:252
[ 1811103ms] [WARNING] [Vue Router warn]: The route named "Guide_wrap" has a child without a name and an empty path. Using that name won't render the empty path child so you probably want to move the name to the child instead. If this is intentional, add a name to the child route to remove the warning. @ webpack-internal:///./node_modules/vue-router/dist/devtools-EWN81iOl.mjs:142
[ 1816017ms] [WARNING] [Vue Router warn]: The route named "Guide_wrap" has a child without a name and an empty path. Using that name won't render the empty path child so you probably want to move the name to the child instead. If this is intentional, add a name to the child route to remove the warning. @ webpack-internal:///./node_modules/vue-router/dist/devtools-EWN81iOl.mjs:142
[ 1816128ms] [WARNING] Swiper Loop Warning: The number of slides is not enough for loop mode, it will be disabled or not function properly. You need to add more slides (or make duplicates) or lower the values of slidesPerView and slidesPerGroup parameters @ webpack-internal:///./node_modules/swiper/shared/utils.mjs:244
[ 1816147ms] [LOG] [video] JSHandle@node @ webpack-internal:///./node_modules/babel-loader/lib/index.js??clonedRuleSet-40.use[0]!./node_modules/vue-loader/dist/index.js??ruleSet[0].use[0]!./src/uiPub/gsrmain/gsrmain.vue?vue&type=script&lang=js:585
[ 1816147ms] [LOG] [hero] JSHandle@node @ webpack-internal:///./node_modules/babel-loader/lib/index.js??clonedRuleSet-40.use[0]!./node_modules/vue-loader/dist/index.js??ruleSet[0].use[0]!./src/uiPub/gsrmain/gsrmain.vue?vue&type=script&lang=js:586
[ 2402064ms] [WARNING] Swiper Loop Warning: The number of slides is not enough for loop mode, it will be disabled or not function properly. You need to add more slides (or make duplicates) or lower the values of slidesPerView and slidesPerGroup parameters @ webpack-internal:///./node_modules/swiper/shared/utils.mjs:244
[ 2402088ms] [LOG] [video] JSHandle@node @ webpack-internal:///./node_modules/babel-loader/lib/index.js??clonedRuleSet-40.use[0]!./node_modules/vue-loader/dist/index.js??ruleSet[0].use[0]!./src/uiPub/gsrmain/gsrmain.vue?vue&type=script&lang=js:587
[ 2402088ms] [LOG] [hero] JSHandle@node @ webpack-internal:///./node_modules/babel-loader/lib/index.js??clonedRuleSet-40.use[0]!./node_modules/vue-loader/dist/index.js??ruleSet[0].use[0]!./src/uiPub/gsrmain/gsrmain.vue?vue&type=script&lang=js:588
[ 2407842ms] [WARNING] Swiper Loop Warning: The number of slides is not enough for loop mode, it will be disabled or not function properly. You need to add more slides (or make duplicates) or lower the values of slidesPerView and slidesPerGroup parameters @ webpack-internal:///./node_modules/swiper/shared/utils.mjs:244
[ 2407860ms] [LOG] [video] JSHandle@node @ webpack-internal:///./node_modules/babel-loader/lib/index.js??clonedRuleSet-40.use[0]!./node_modules/vue-loader/dist/index.js??ruleSet[0].use[0]!./src/uiPub/gsrmain/gsrmain.vue?vue&type=script&lang=js:589
[ 2407860ms] [LOG] [hero] JSHandle@node @ webpack-internal:///./node_modules/babel-loader/lib/index.js??clonedRuleSet-40.use[0]!./node_modules/vue-loader/dist/index.js??ruleSet[0].use[0]!./src/uiPub/gsrmain/gsrmain.vue?vue&type=script&lang=js:590
[ 2416191ms] [WARNING] Swiper Loop Warning: The number of slides is not enough for loop mode, it will be disabled or not function properly. You need to add more slides (or make duplicates) or lower the values of slidesPerView and slidesPerGroup parameters @ webpack-internal:///./node_modules/swiper/shared/utils.mjs:244
[ 2416212ms] [LOG] [video] JSHandle@node @ webpack-internal:///./node_modules/babel-loader/lib/index.js??clonedRuleSet-40.use[0]!./node_modules/vue-loader/dist/index.js??ruleSet[0].use[0]!./src/uiPub/gsrmain/gsrmain.vue?vue&type=script&lang=js:589
[ 2416212ms] [LOG] [hero] JSHandle@node @ webpack-internal:///./node_modules/babel-loader/lib/index.js??clonedRuleSet-40.use[0]!./node_modules/vue-loader/dist/index.js??ruleSet[0].use[0]!./src/uiPub/gsrmain/gsrmain.vue?vue&type=script&lang=js:590
[ 2420385ms] [WARNING] Swiper Loop Warning: The number of slides is not enough for loop mode, it will be disabled or not function properly. You need to add more slides (or make duplicates) or lower the values of slidesPerView and slidesPerGroup parameters @ webpack-internal:///./node_modules/swiper/shared/utils.mjs:244
[ 2420401ms] [LOG] [video] JSHandle@node @ webpack-internal:///./node_modules/babel-loader/lib/index.js??clonedRuleSet-40.use[0]!./node_modules/vue-loader/dist/index.js??ruleSet[0].use[0]!./src/uiPub/gsrmain/gsrmain.vue?vue&type=script&lang=js:589
[ 2420401ms] [LOG] [hero] JSHandle@node @ webpack-internal:///./node_modules/babel-loader/lib/index.js??clonedRuleSet-40.use[0]!./node_modules/vue-loader/dist/index.js??ruleSet[0].use[0]!./src/uiPub/gsrmain/gsrmain.vue?vue&type=script&lang=js:590
