[     481ms] [WARNING] [Vue Router warn]: The route named "Guide_wrap" has a child without a name and an empty path. Using that name won't render the empty path child so you probably want to move the name to the child instead. If this is intentional, add a name to the child route to remove the warning. @ webpack-internal:///./node_modules/vue-router/dist/devtools-EWN81iOl.mjs:142
[   48201ms] [WARNING] [Vue warn]: Property "name" was accessed during render but is not defined on instance. 
  at <Gsrbr010101 onVnodeUnmounted=fn<onVnodeUnmounted> ref=Ref< null > lang="en" > 
  at <RouterView> 
  at <App onVnodeUnmounted=fn<onVnodeUnmounted> ref=Ref< Proxy(Object) > lang="en" > 
  at <RouterView> 
  at <App> @ webpack-internal:///./node_modules/@vue/runtime-core/dist/runtime-core.esm-bundler.js:252
[   48202ms] [WARNING] [Vue warn]: Property "name" was accessed during render but is not defined on instance. 
  at <Gsrbr010101 onVnodeUnmounted=fn<onVnodeUnmounted> ref=Ref< null > lang="en" > 
  at <RouterView> 
  at <App onVnodeUnmounted=fn<onVnodeUnmounted> ref=Ref< Proxy(Object) > lang="en" > 
  at <RouterView> 
  at <App> @ webpack-internal:///./node_modules/@vue/runtime-core/dist/runtime-core.esm-bundler.js:252
[   48203ms] [WARNING] [Vue warn]: Property "name" was accessed during render but is not defined on instance. 
  at <Gsrbr010101 onVnodeUnmounted=fn<onVnodeUnmounted> ref=Ref< null > lang="en" > 
  at <RouterView> 
  at <App onVnodeUnmounted=fn<onVnodeUnmounted> ref=Ref< Proxy(Object) > lang="en" > 
  at <RouterView> 
  at <App> @ webpack-internal:///./node_modules/@vue/runtime-core/dist/runtime-core.esm-bundler.js:252
[   48203ms] [WARNING] [Vue warn]: Property "name" was accessed during render but is not defined on instance. 
  at <Gsrbr010101 onVnodeUnmounted=fn<onVnodeUnmounted> ref=Ref< null > lang="en" > 
  at <RouterView> 
  at <App onVnodeUnmounted=fn<onVnodeUnmounted> ref=Ref< Proxy(Object) > lang="en" > 
  at <RouterView> 
  at <App> @ webpack-internal:///./node_modules/@vue/runtime-core/dist/runtime-core.esm-bundler.js:252
[   48204ms] [WARNING] [Vue warn]: Property "name" was accessed during render but is not defined on instance. 
  at <Gsrbr010101 onVnodeUnmounted=fn<onVnodeUnmounted> ref=Ref< null > lang="en" > 
  at <RouterView> 
  at <App onVnodeUnmounted=fn<onVnodeUnmounted> ref=Ref< Proxy(Object) > lang="en" > 
  at <RouterView> 
  at <App> @ webpack-internal:///./node_modules/@vue/runtime-core/dist/runtime-core.esm-bundler.js:252
[   48205ms] [WARNING] [Vue warn]: Property "name" was accessed during render but is not defined on instance. 
  at <Gsrbr010101 onVnodeUnmounted=fn<onVnodeUnmounted> ref=Ref< null > lang="en" > 
  at <RouterView> 
  at <App onVnodeUnmounted=fn<onVnodeUnmounted> ref=Ref< Proxy(Object) > lang="en" > 
  at <RouterView> 
  at <App> @ webpack-internal:///./node_modules/@vue/runtime-core/dist/runtime-core.esm-bundler.js:252
[   48205ms] [WARNING] [Vue warn]: Property "name" was accessed during render but is not defined on instance. 
  at <Gsrbr010101 onVnodeUnmounted=fn<onVnodeUnmounted> ref=Ref< null > lang="en" > 
  at <RouterView> 
  at <App onVnodeUnmounted=fn<onVnodeUnmounted> ref=Ref< Proxy(Object) > lang="en" > 
  at <RouterView> 
  at <App> @ webpack-internal:///./node_modules/@vue/runtime-core/dist/runtime-core.esm-bundler.js:252
[   48206ms] [WARNING] [Vue warn]: Property "name" was accessed during render but is not defined on instance. 
  at <Gsrbr010101 onVnodeUnmounted=fn<onVnodeUnmounted> ref=Ref< null > lang="en" > 
  at <RouterView> 
  at <App onVnodeUnmounted=fn<onVnodeUnmounted> ref=Ref< Proxy(Object) > lang="en" > 
  at <RouterView> 
  at <App> @ webpack-internal:///./node_modules/@vue/runtime-core/dist/runtime-core.esm-bundler.js:252
[   48206ms] [WARNING] [Vue warn]: Property "name" was accessed during render but is not defined on instance. 
  at <Gsrbr010101 onVnodeUnmounted=fn<onVnodeUnmounted> ref=Ref< null > lang="en" > 
  at <RouterView> 
  at <App onVnodeUnmounted=fn<onVnodeUnmounted> ref=Ref< Proxy(Object) > lang="en" > 
  at <RouterView> 
  at <App> @ webpack-internal:///./node_modules/@vue/runtime-core/dist/runtime-core.esm-bundler.js:252
[   48207ms] [WARNING] [Vue warn]: Property "name" was accessed during render but is not defined on instance. 
  at <Gsrbr010101 onVnodeUnmounted=fn<onVnodeUnmounted> ref=Ref< null > lang="en" > 
  at <RouterView> 
  at <App onVnodeUnmounted=fn<onVnodeUnmounted> ref=Ref< Proxy(Object) > lang="en" > 
  at <RouterView> 
  at <App> @ webpack-internal:///./node_modules/@vue/runtime-core/dist/runtime-core.esm-bundler.js:252
[   48208ms] [WARNING] [Vue warn]: Property "name" was accessed during render but is not defined on instance. 
  at <Gsrbr010101 onVnodeUnmounted=fn<onVnodeUnmounted> ref=Ref< null > lang="en" > 
  at <RouterView> 
  at <App onVnodeUnmounted=fn<onVnodeUnmounted> ref=Ref< Proxy(Object) > lang="en" > 
  at <RouterView> 
  at <App> @ webpack-internal:///./node_modules/@vue/runtime-core/dist/runtime-core.esm-bundler.js:252
