[     731ms] [WARNING] [Vue Router warn]: The route named "Guide_wrap" has a child without a name and an empty path. Using that name won't render the empty path child so you probably want to move the name to the child instead. If this is intentional, add a name to the child route to remove the warning. @ webpack-internal:///./node_modules/vue-router/dist/devtools-EWN81iOl.mjs:142
[54231338ms] [WARNING] [Vue Router warn]: The route named "Guide_wrap" has a child without a name and an empty path. Using that name won't render the empty path child so you probably want to move the name to the child instead. If this is intentional, add a name to the child route to remove the warning. @ webpack-internal:///./node_modules/vue-router/dist/devtools-EWN81iOl.mjs:142
[54361470ms] [WARNING] [Vue warn]: Unhandled error during execution of render function 
  at <Gsrin0102 onVnodeUnmounted=fn<onVnodeUnmounted> ref=Ref< Proxy(Object) > lang="en" > 
  at <RouterView> 
  at <App onVnodeUnmounted=fn<onVnodeUnmounted> ref=Ref< Proxy(Object) > lang="en" > 
  at <RouterView> 
  at <App> @ webpack-internal:///./node_modules/@vue/runtime-core/dist/runtime-core.esm-bundler.js:252
[54361471ms] [WARNING] [Vue warn]: Unhandled error during execution of component update 
  at <Gsrin0102 onVnodeUnmounted=fn<onVnodeUnmounted> ref=Ref< Proxy(Object) > lang="en" > 
  at <RouterView> 
  at <App onVnodeUnmounted=fn<onVnodeUnmounted> ref=Ref< Proxy(Object) > lang="en" > 
  at <RouterView> 
  at <App> @ webpack-internal:///./node_modules/@vue/runtime-core/dist/runtime-core.esm-bundler.js:252
[54361494ms] TypeError: Cannot read properties of undefined (reading 'title')
    at Proxy.render (webpack-internal:///./node_modules/babel-loader/lib/index.js??clonedRuleSet-40.use[0]!./node_modules/vue-loader/dist/templateLoader.js??ruleSet[1].rules[3]!./node_modules/vue-loader/dist/index.js??ruleSet[0].use[0]!./src/uiPub/gsrin/01/gsrin0101.vue?vue&type=template&id=72deccbc&scoped=true:407:3662)
    at renderComponentRoot (webpack-internal:///./node_modules/@vue/runtime-core/dist/runtime-core.esm-bundler.js:4388:38)
    at ReactiveEffect.componentUpdateFn [as fn] (webpack-internal:///./node_modules/@vue/runtime-core/dist/runtime-core.esm-bundler.js:5786:26)
    at ReactiveEffect.run (webpack-internal:///./node_modules/@vue/reactivity/dist/reactivity.esm-bundler.js:358:19)
    at ReactiveEffect.runIfDirty (webpack-internal:///./node_modules/@vue/reactivity/dist/reactivity.esm-bundler.js:394:12)
    at callWithErrorHandling (webpack-internal:///./node_modules/@vue/runtime-core/dist/runtime-core.esm-bundler.js:400:33)
    at flushJobs (webpack-internal:///./node_modules/@vue/runtime-core/dist/runtime-core.esm-bundler.js:601:9)
[54365764ms] [WARNING] [Vue Router warn]: The route named "Guide_wrap" has a child without a name and an empty path. Using that name won't render the empty path child so you probably want to move the name to the child instead. If this is intentional, add a name to the child route to remove the warning. @ webpack-internal:///./node_modules/vue-router/dist/devtools-EWN81iOl.mjs:142
[54367437ms] [WARNING] [Vue Router warn]: The route named "Guide_wrap" has a child without a name and an empty path. Using that name won't render the empty path child so you probably want to move the name to the child instead. If this is intentional, add a name to the child route to remove the warning. @ webpack-internal:///./node_modules/vue-router/dist/devtools-EWN81iOl.mjs:142
[54405160ms] [WARNING] [Vue Router warn]: The route named "Guide_wrap" has a child without a name and an empty path. Using that name won't render the empty path child so you probably want to move the name to the child instead. If this is intentional, add a name to the child route to remove the warning. @ webpack-internal:///./node_modules/vue-router/dist/devtools-EWN81iOl.mjs:142
