[     278ms] [WARNING] [Vue Router warn]: The route named "Guide_wrap" has a child without a name and an empty path. Using that name won't render the empty path child so you probably want to move the name to the child instead. If this is intentional, add a name to the child route to remove the warning. @ webpack-internal:///./node_modules/vue-router/dist/devtools-EWN81iOl.mjs:142
[   11333ms] [WARNING] [Vue warn]: There is already an app instance mounted on the host container.
 If you want to mount another app on the same host container, you need to unmount the previous app by calling `app.unmount()` first. @ webpack-internal:///./node_modules/@vue/runtime-core/dist/runtime-core.esm-bundler.js:252
[  235996ms] [WARNING] [Vue warn]: Property "lang" was accessed during render but is not defined on instance. 
  at <Gsrsu04020302> @ webpack-internal:///./node_modules/@vue/runtime-core/dist/runtime-core.esm-bundler.js:252
[  236001ms] [WARNING] [Vue warn]: There is already an app instance mounted on the host container.
 If you want to mount another app on the same host container, you need to unmount the previous app by calling `app.unmount()` first. @ webpack-internal:///./node_modules/@vue/runtime-core/dist/runtime-core.esm-bundler.js:252
[  236002ms] [WARNING] [Vue warn]: Property "lang" was accessed during render but is not defined on instance. 
  at <Gsrsu04020302> @ webpack-internal:///./node_modules/@vue/runtime-core/dist/runtime-core.esm-bundler.js:252
[  239098ms] [WARNING] [Vue warn]: There is already an app instance mounted on the host container.
 If you want to mount another app on the same host container, you need to unmount the previous app by calling `app.unmount()` first. @ webpack-internal:///./node_modules/@vue/runtime-core/dist/runtime-core.esm-bundler.js:252
[  245492ms] [WARNING] [Vue warn]: Property "lang" was accessed during render but is not defined on instance. 
  at <Gsrsu04020304> @ webpack-internal:///./node_modules/@vue/runtime-core/dist/runtime-core.esm-bundler.js:252
[  245495ms] [WARNING] [Vue warn]: There is already an app instance mounted on the host container.
 If you want to mount another app on the same host container, you need to unmount the previous app by calling `app.unmount()` first. @ webpack-internal:///./node_modules/@vue/runtime-core/dist/runtime-core.esm-bundler.js:252
[  245496ms] [WARNING] [Vue warn]: Property "lang" was accessed during render but is not defined on instance. 
  at <Gsrsu04020304> @ webpack-internal:///./node_modules/@vue/runtime-core/dist/runtime-core.esm-bundler.js:252
[  465175ms] [WARNING] [Vue warn]: There is already an app instance mounted on the host container.
 If you want to mount another app on the same host container, you need to unmount the previous app by calling `app.unmount()` first. @ webpack-internal:///./node_modules/@vue/runtime-core/dist/runtime-core.esm-bundler.js:252
[  467487ms] [WARNING] [Vue warn]: There is already an app instance mounted on the host container.
 If you want to mount another app on the same host container, you need to unmount the previous app by calling `app.unmount()` first. @ webpack-internal:///./node_modules/@vue/runtime-core/dist/runtime-core.esm-bundler.js:252
[  472950ms] [WARNING] [Vue warn]: There is already an app instance mounted on the host container.
 If you want to mount another app on the same host container, you need to unmount the previous app by calling `app.unmount()` first. @ webpack-internal:///./node_modules/@vue/runtime-core/dist/runtime-core.esm-bundler.js:252
[  644797ms] [WARNING] [Vue Router warn]: The route named "Guide_wrap" has a child without a name and an empty path. Using that name won't render the empty path child so you probably want to move the name to the child instead. If this is intentional, add a name to the child route to remove the warning. @ webpack-internal:///./node_modules/vue-router/dist/devtools-EWN81iOl.mjs:142
[  644950ms] [WARNING] [Vue warn]: Property "name" was accessed during render but is not defined on instance. 
  at <Gsrbr010101 onVnodeUnmounted=fn<onVnodeUnmounted> ref=Ref< undefined > lang="ko" > 
  at <RouterView> 
  at <App onVnodeUnmounted=fn<onVnodeUnmounted> ref=Ref< undefined > lang="ko" > 
  at <RouterView> 
  at <App> @ webpack-internal:///./node_modules/@vue/runtime-core/dist/runtime-core.esm-bundler.js:252
[  644950ms] [WARNING] [Vue warn]: Property "name" was accessed during render but is not defined on instance. 
  at <Gsrbr010101 onVnodeUnmounted=fn<onVnodeUnmounted> ref=Ref< undefined > lang="ko" > 
  at <RouterView> 
  at <App onVnodeUnmounted=fn<onVnodeUnmounted> ref=Ref< undefined > lang="ko" > 
  at <RouterView> 
  at <App> @ webpack-internal:///./node_modules/@vue/runtime-core/dist/runtime-core.esm-bundler.js:252
[  644951ms] [WARNING] [Vue warn]: Property "name" was accessed during render but is not defined on instance. 
  at <Gsrbr010101 onVnodeUnmounted=fn<onVnodeUnmounted> ref=Ref< undefined > lang="ko" > 
  at <RouterView> 
  at <App onVnodeUnmounted=fn<onVnodeUnmounted> ref=Ref< undefined > lang="ko" > 
  at <RouterView> 
  at <App> @ webpack-internal:///./node_modules/@vue/runtime-core/dist/runtime-core.esm-bundler.js:252
[  644951ms] [WARNING] [Vue warn]: Property "name" was accessed during render but is not defined on instance. 
  at <Gsrbr010101 onVnodeUnmounted=fn<onVnodeUnmounted> ref=Ref< undefined > lang="ko" > 
  at <RouterView> 
  at <App onVnodeUnmounted=fn<onVnodeUnmounted> ref=Ref< undefined > lang="ko" > 
  at <RouterView> 
  at <App> @ webpack-internal:///./node_modules/@vue/runtime-core/dist/runtime-core.esm-bundler.js:252
[  644952ms] [WARNING] [Vue warn]: Property "name" was accessed during render but is not defined on instance. 
  at <Gsrbr010101 onVnodeUnmounted=fn<onVnodeUnmounted> ref=Ref< undefined > lang="ko" > 
  at <RouterView> 
  at <App onVnodeUnmounted=fn<onVnodeUnmounted> ref=Ref< undefined > lang="ko" > 
  at <RouterView> 
  at <App> @ webpack-internal:///./node_modules/@vue/runtime-core/dist/runtime-core.esm-bundler.js:252
[  644952ms] [WARNING] [Vue warn]: Property "name" was accessed during render but is not defined on instance. 
  at <Gsrbr010101 onVnodeUnmounted=fn<onVnodeUnmounted> ref=Ref< undefined > lang="ko" > 
  at <RouterView> 
  at <App onVnodeUnmounted=fn<onVnodeUnmounted> ref=Ref< undefined > lang="ko" > 
  at <RouterView> 
  at <App> @ webpack-internal:///./node_modules/@vue/runtime-core/dist/runtime-core.esm-bundler.js:252
[  644952ms] [WARNING] [Vue warn]: Property "name" was accessed during render but is not defined on instance. 
  at <Gsrbr010101 onVnodeUnmounted=fn<onVnodeUnmounted> ref=Ref< undefined > lang="ko" > 
  at <RouterView> 
  at <App onVnodeUnmounted=fn<onVnodeUnmounted> ref=Ref< undefined > lang="ko" > 
  at <RouterView> 
  at <App> @ webpack-internal:///./node_modules/@vue/runtime-core/dist/runtime-core.esm-bundler.js:252
[  644953ms] [WARNING] [Vue warn]: Property "name" was accessed during render but is not defined on instance. 
  at <Gsrbr010101 onVnodeUnmounted=fn<onVnodeUnmounted> ref=Ref< undefined > lang="ko" > 
  at <RouterView> 
  at <App onVnodeUnmounted=fn<onVnodeUnmounted> ref=Ref< undefined > lang="ko" > 
  at <RouterView> 
  at <App> @ webpack-internal:///./node_modules/@vue/runtime-core/dist/runtime-core.esm-bundler.js:252
[  644953ms] [WARNING] [Vue warn]: Property "name" was accessed during render but is not defined on instance. 
  at <Gsrbr010101 onVnodeUnmounted=fn<onVnodeUnmounted> ref=Ref< undefined > lang="ko" > 
  at <RouterView> 
  at <App onVnodeUnmounted=fn<onVnodeUnmounted> ref=Ref< undefined > lang="ko" > 
  at <RouterView> 
  at <App> @ webpack-internal:///./node_modules/@vue/runtime-core/dist/runtime-core.esm-bundler.js:252
[  644953ms] [WARNING] [Vue warn]: Property "name" was accessed during render but is not defined on instance. 
  at <Gsrbr010101 onVnodeUnmounted=fn<onVnodeUnmounted> ref=Ref< undefined > lang="ko" > 
  at <RouterView> 
  at <App onVnodeUnmounted=fn<onVnodeUnmounted> ref=Ref< undefined > lang="ko" > 
  at <RouterView> 
  at <App> @ webpack-internal:///./node_modules/@vue/runtime-core/dist/runtime-core.esm-bundler.js:252
[  644954ms] [WARNING] [Vue warn]: Property "name" was accessed during render but is not defined on instance. 
  at <Gsrbr010101 onVnodeUnmounted=fn<onVnodeUnmounted> ref=Ref< undefined > lang="ko" > 
  at <RouterView> 
  at <App onVnodeUnmounted=fn<onVnodeUnmounted> ref=Ref< undefined > lang="ko" > 
  at <RouterView> 
  at <App> @ webpack-internal:///./node_modules/@vue/runtime-core/dist/runtime-core.esm-bundler.js:252
[  652654ms] [WARNING] [Vue warn]: Property "name" was accessed during render but is not defined on instance. 
  at <Gsrbr010101 onVnodeUnmounted=fn<onVnodeUnmounted> ref=Ref< Proxy(Object) > lang="en" > 
  at <RouterView> 
  at <App onVnodeUnmounted=fn<onVnodeUnmounted> ref=Ref< Proxy(Object) > lang="en" > 
  at <RouterView> 
  at <App> @ webpack-internal:///./node_modules/@vue/runtime-core/dist/runtime-core.esm-bundler.js:252
[  652655ms] [WARNING] [Vue warn]: Property "name" was accessed during render but is not defined on instance. 
  at <Gsrbr010101 onVnodeUnmounted=fn<onVnodeUnmounted> ref=Ref< Proxy(Object) > lang="en" > 
  at <RouterView> 
  at <App onVnodeUnmounted=fn<onVnodeUnmounted> ref=Ref< Proxy(Object) > lang="en" > 
  at <RouterView> 
  at <App> @ webpack-internal:///./node_modules/@vue/runtime-core/dist/runtime-core.esm-bundler.js:252
[  652656ms] [WARNING] [Vue warn]: Property "name" was accessed during render but is not defined on instance. 
  at <Gsrbr010101 onVnodeUnmounted=fn<onVnodeUnmounted> ref=Ref< Proxy(Object) > lang="en" > 
  at <RouterView> 
  at <App onVnodeUnmounted=fn<onVnodeUnmounted> ref=Ref< Proxy(Object) > lang="en" > 
  at <RouterView> 
  at <App> @ webpack-internal:///./node_modules/@vue/runtime-core/dist/runtime-core.esm-bundler.js:252
[  652656ms] [WARNING] [Vue warn]: Property "name" was accessed during render but is not defined on instance. 
  at <Gsrbr010101 onVnodeUnmounted=fn<onVnodeUnmounted> ref=Ref< Proxy(Object) > lang="en" > 
  at <RouterView> 
  at <App onVnodeUnmounted=fn<onVnodeUnmounted> ref=Ref< Proxy(Object) > lang="en" > 
  at <RouterView> 
  at <App> @ webpack-internal:///./node_modules/@vue/runtime-core/dist/runtime-core.esm-bundler.js:252
[  652657ms] [WARNING] [Vue warn]: Property "name" was accessed during render but is not defined on instance. 
  at <Gsrbr010101 onVnodeUnmounted=fn<onVnodeUnmounted> ref=Ref< Proxy(Object) > lang="en" > 
  at <RouterView> 
  at <App onVnodeUnmounted=fn<onVnodeUnmounted> ref=Ref< Proxy(Object) > lang="en" > 
  at <RouterView> 
  at <App> @ webpack-internal:///./node_modules/@vue/runtime-core/dist/runtime-core.esm-bundler.js:252
[  652657ms] [WARNING] [Vue warn]: Property "name" was accessed during render but is not defined on instance. 
  at <Gsrbr010101 onVnodeUnmounted=fn<onVnodeUnmounted> ref=Ref< Proxy(Object) > lang="en" > 
  at <RouterView> 
  at <App onVnodeUnmounted=fn<onVnodeUnmounted> ref=Ref< Proxy(Object) > lang="en" > 
  at <RouterView> 
  at <App> @ webpack-internal:///./node_modules/@vue/runtime-core/dist/runtime-core.esm-bundler.js:252
[  652658ms] [WARNING] [Vue warn]: Property "name" was accessed during render but is not defined on instance. 
  at <Gsrbr010101 onVnodeUnmounted=fn<onVnodeUnmounted> ref=Ref< Proxy(Object) > lang="en" > 
  at <RouterView> 
  at <App onVnodeUnmounted=fn<onVnodeUnmounted> ref=Ref< Proxy(Object) > lang="en" > 
  at <RouterView> 
  at <App> @ webpack-internal:///./node_modules/@vue/runtime-core/dist/runtime-core.esm-bundler.js:252
[  652659ms] [WARNING] [Vue warn]: Property "name" was accessed during render but is not defined on instance. 
  at <Gsrbr010101 onVnodeUnmounted=fn<onVnodeUnmounted> ref=Ref< Proxy(Object) > lang="en" > 
  at <RouterView> 
  at <App onVnodeUnmounted=fn<onVnodeUnmounted> ref=Ref< Proxy(Object) > lang="en" > 
  at <RouterView> 
  at <App> @ webpack-internal:///./node_modules/@vue/runtime-core/dist/runtime-core.esm-bundler.js:252
[  652659ms] [WARNING] [Vue warn]: Property "name" was accessed during render but is not defined on instance. 
  at <Gsrbr010101 onVnodeUnmounted=fn<onVnodeUnmounted> ref=Ref< Proxy(Object) > lang="en" > 
  at <RouterView> 
  at <App onVnodeUnmounted=fn<onVnodeUnmounted> ref=Ref< Proxy(Object) > lang="en" > 
  at <RouterView> 
  at <App> @ webpack-internal:///./node_modules/@vue/runtime-core/dist/runtime-core.esm-bundler.js:252
[  652660ms] [WARNING] [Vue warn]: Property "name" was accessed during render but is not defined on instance. 
  at <Gsrbr010101 onVnodeUnmounted=fn<onVnodeUnmounted> ref=Ref< Proxy(Object) > lang="en" > 
  at <RouterView> 
  at <App onVnodeUnmounted=fn<onVnodeUnmounted> ref=Ref< Proxy(Object) > lang="en" > 
  at <RouterView> 
  at <App> @ webpack-internal:///./node_modules/@vue/runtime-core/dist/runtime-core.esm-bundler.js:252
[  652661ms] [WARNING] [Vue warn]: Property "name" was accessed during render but is not defined on instance. 
  at <Gsrbr010101 onVnodeUnmounted=fn<onVnodeUnmounted> ref=Ref< Proxy(Object) > lang="en" > 
  at <RouterView> 
  at <App onVnodeUnmounted=fn<onVnodeUnmounted> ref=Ref< Proxy(Object) > lang="en" > 
  at <RouterView> 
  at <App> @ webpack-internal:///./node_modules/@vue/runtime-core/dist/runtime-core.esm-bundler.js:252
[  656111ms] [WARNING] [Vue warn]: Invalid prop: type check failed for prop "modelValue". Expected Object, got String with value "". 
  at <Search modelValue="" onUpdate:modelValue=fn search_opt= []  ... > 
  at <Gsrbr0106> @ webpack-internal:///./node_modules/@vue/runtime-core/dist/runtime-core.esm-bundler.js:252
[  662069ms] [WARNING] [Vue warn]: Property "name" was accessed during render but is not defined on instance. 
  at <Gsrbr010101 onVnodeUnmounted=fn<onVnodeUnmounted> ref=Ref< Proxy(Object) > lang="en" > 
  at <RouterView> 
  at <App onVnodeUnmounted=fn<onVnodeUnmounted> ref=Ref< Proxy(Object) > lang="en" > 
  at <RouterView> 
  at <App> @ webpack-internal:///./node_modules/@vue/runtime-core/dist/runtime-core.esm-bundler.js:252
[  662069ms] [WARNING] [Vue warn]: Property "name" was accessed during render but is not defined on instance. 
  at <Gsrbr010101 onVnodeUnmounted=fn<onVnodeUnmounted> ref=Ref< Proxy(Object) > lang="en" > 
  at <RouterView> 
  at <App onVnodeUnmounted=fn<onVnodeUnmounted> ref=Ref< Proxy(Object) > lang="en" > 
  at <RouterView> 
  at <App> @ webpack-internal:///./node_modules/@vue/runtime-core/dist/runtime-core.esm-bundler.js:252
[  662070ms] [WARNING] [Vue warn]: Property "name" was accessed during render but is not defined on instance. 
  at <Gsrbr010101 onVnodeUnmounted=fn<onVnodeUnmounted> ref=Ref< Proxy(Object) > lang="en" > 
  at <RouterView> 
  at <App onVnodeUnmounted=fn<onVnodeUnmounted> ref=Ref< Proxy(Object) > lang="en" > 
  at <RouterView> 
  at <App> @ webpack-internal:///./node_modules/@vue/runtime-core/dist/runtime-core.esm-bundler.js:252
[  662070ms] [WARNING] [Vue warn]: Property "name" was accessed during render but is not defined on instance. 
  at <Gsrbr010101 onVnodeUnmounted=fn<onVnodeUnmounted> ref=Ref< Proxy(Object) > lang="en" > 
  at <RouterView> 
  at <App onVnodeUnmounted=fn<onVnodeUnmounted> ref=Ref< Proxy(Object) > lang="en" > 
  at <RouterView> 
  at <App> @ webpack-internal:///./node_modules/@vue/runtime-core/dist/runtime-core.esm-bundler.js:252
[  662071ms] [WARNING] [Vue warn]: Property "name" was accessed during render but is not defined on instance. 
  at <Gsrbr010101 onVnodeUnmounted=fn<onVnodeUnmounted> ref=Ref< Proxy(Object) > lang="en" > 
  at <RouterView> 
  at <App onVnodeUnmounted=fn<onVnodeUnmounted> ref=Ref< Proxy(Object) > lang="en" > 
  at <RouterView> 
  at <App> @ webpack-internal:///./node_modules/@vue/runtime-core/dist/runtime-core.esm-bundler.js:252
[  662071ms] [WARNING] [Vue warn]: Property "name" was accessed during render but is not defined on instance. 
  at <Gsrbr010101 onVnodeUnmounted=fn<onVnodeUnmounted> ref=Ref< Proxy(Object) > lang="en" > 
  at <RouterView> 
  at <App onVnodeUnmounted=fn<onVnodeUnmounted> ref=Ref< Proxy(Object) > lang="en" > 
  at <RouterView> 
  at <App> @ webpack-internal:///./node_modules/@vue/runtime-core/dist/runtime-core.esm-bundler.js:252
[  662072ms] [WARNING] [Vue warn]: Property "name" was accessed during render but is not defined on instance. 
  at <Gsrbr010101 onVnodeUnmounted=fn<onVnodeUnmounted> ref=Ref< Proxy(Object) > lang="en" > 
  at <RouterView> 
  at <App onVnodeUnmounted=fn<onVnodeUnmounted> ref=Ref< Proxy(Object) > lang="en" > 
  at <RouterView> 
  at <App> @ webpack-internal:///./node_modules/@vue/runtime-core/dist/runtime-core.esm-bundler.js:252
[  662072ms] [WARNING] [Vue warn]: Property "name" was accessed during render but is not defined on instance. 
  at <Gsrbr010101 onVnodeUnmounted=fn<onVnodeUnmounted> ref=Ref< Proxy(Object) > lang="en" > 
  at <RouterView> 
  at <App onVnodeUnmounted=fn<onVnodeUnmounted> ref=Ref< Proxy(Object) > lang="en" > 
  at <RouterView> 
  at <App> @ webpack-internal:///./node_modules/@vue/runtime-core/dist/runtime-core.esm-bundler.js:252
[  662073ms] [WARNING] [Vue warn]: Property "name" was accessed during render but is not defined on instance. 
  at <Gsrbr010101 onVnodeUnmounted=fn<onVnodeUnmounted> ref=Ref< Proxy(Object) > lang="en" > 
  at <RouterView> 
  at <App onVnodeUnmounted=fn<onVnodeUnmounted> ref=Ref< Proxy(Object) > lang="en" > 
  at <RouterView> 
  at <App> @ webpack-internal:///./node_modules/@vue/runtime-core/dist/runtime-core.esm-bundler.js:252
[  662073ms] [WARNING] [Vue warn]: Property "name" was accessed during render but is not defined on instance. 
  at <Gsrbr010101 onVnodeUnmounted=fn<onVnodeUnmounted> ref=Ref< Proxy(Object) > lang="en" > 
  at <RouterView> 
  at <App onVnodeUnmounted=fn<onVnodeUnmounted> ref=Ref< Proxy(Object) > lang="en" > 
  at <RouterView> 
  at <App> @ webpack-internal:///./node_modules/@vue/runtime-core/dist/runtime-core.esm-bundler.js:252
[  662074ms] [WARNING] [Vue warn]: Property "name" was accessed during render but is not defined on instance. 
  at <Gsrbr010101 onVnodeUnmounted=fn<onVnodeUnmounted> ref=Ref< Proxy(Object) > lang="en" > 
  at <RouterView> 
  at <App onVnodeUnmounted=fn<onVnodeUnmounted> ref=Ref< Proxy(Object) > lang="en" > 
  at <RouterView> 
  at <App> @ webpack-internal:///./node_modules/@vue/runtime-core/dist/runtime-core.esm-bundler.js:252
[  663429ms] [WARNING] [Vue warn]: Property "name" was accessed during render but is not defined on instance. 
  at <Gsrbr010101 onVnodeUnmounted=fn<onVnodeUnmounted> ref=Ref< Proxy(Object) > lang="en" > 
  at <RouterView> 
  at <App onVnodeUnmounted=fn<onVnodeUnmounted> ref=Ref< Proxy(Object) > lang="en" > 
  at <RouterView> 
  at <App> @ webpack-internal:///./node_modules/@vue/runtime-core/dist/runtime-core.esm-bundler.js:252
[  663430ms] [WARNING] [Vue warn]: Property "name" was accessed during render but is not defined on instance. 
  at <Gsrbr010101 onVnodeUnmounted=fn<onVnodeUnmounted> ref=Ref< Proxy(Object) > lang="en" > 
  at <RouterView> 
  at <App onVnodeUnmounted=fn<onVnodeUnmounted> ref=Ref< Proxy(Object) > lang="en" > 
  at <RouterView> 
  at <App> @ webpack-internal:///./node_modules/@vue/runtime-core/dist/runtime-core.esm-bundler.js:252
[  663431ms] [WARNING] [Vue warn]: Property "name" was accessed during render but is not defined on instance. 
  at <Gsrbr010101 onVnodeUnmounted=fn<onVnodeUnmounted> ref=Ref< Proxy(Object) > lang="en" > 
  at <RouterView> 
  at <App onVnodeUnmounted=fn<onVnodeUnmounted> ref=Ref< Proxy(Object) > lang="en" > 
  at <RouterView> 
  at <App> @ webpack-internal:///./node_modules/@vue/runtime-core/dist/runtime-core.esm-bundler.js:252
[  663431ms] [WARNING] [Vue warn]: Property "name" was accessed during render but is not defined on instance. 
  at <Gsrbr010101 onVnodeUnmounted=fn<onVnodeUnmounted> ref=Ref< Proxy(Object) > lang="en" > 
  at <RouterView> 
  at <App onVnodeUnmounted=fn<onVnodeUnmounted> ref=Ref< Proxy(Object) > lang="en" > 
  at <RouterView> 
  at <App> @ webpack-internal:///./node_modules/@vue/runtime-core/dist/runtime-core.esm-bundler.js:252
[  663431ms] [WARNING] [Vue warn]: Property "name" was accessed during render but is not defined on instance. 
  at <Gsrbr010101 onVnodeUnmounted=fn<onVnodeUnmounted> ref=Ref< Proxy(Object) > lang="en" > 
  at <RouterView> 
  at <App onVnodeUnmounted=fn<onVnodeUnmounted> ref=Ref< Proxy(Object) > lang="en" > 
  at <RouterView> 
  at <App> @ webpack-internal:///./node_modules/@vue/runtime-core/dist/runtime-core.esm-bundler.js:252
[  663432ms] [WARNING] [Vue warn]: Property "name" was accessed during render but is not defined on instance. 
  at <Gsrbr010101 onVnodeUnmounted=fn<onVnodeUnmounted> ref=Ref< Proxy(Object) > lang="en" > 
  at <RouterView> 
  at <App onVnodeUnmounted=fn<onVnodeUnmounted> ref=Ref< Proxy(Object) > lang="en" > 
  at <RouterView> 
  at <App> @ webpack-internal:///./node_modules/@vue/runtime-core/dist/runtime-core.esm-bundler.js:252
[  663432ms] [WARNING] [Vue warn]: Property "name" was accessed during render but is not defined on instance. 
  at <Gsrbr010101 onVnodeUnmounted=fn<onVnodeUnmounted> ref=Ref< Proxy(Object) > lang="en" > 
  at <RouterView> 
  at <App onVnodeUnmounted=fn<onVnodeUnmounted> ref=Ref< Proxy(Object) > lang="en" > 
  at <RouterView> 
  at <App> @ webpack-internal:///./node_modules/@vue/runtime-core/dist/runtime-core.esm-bundler.js:252
[  663433ms] [WARNING] [Vue warn]: Property "name" was accessed during render but is not defined on instance. 
  at <Gsrbr010101 onVnodeUnmounted=fn<onVnodeUnmounted> ref=Ref< Proxy(Object) > lang="en" > 
  at <RouterView> 
  at <App onVnodeUnmounted=fn<onVnodeUnmounted> ref=Ref< Proxy(Object) > lang="en" > 
  at <RouterView> 
  at <App> @ webpack-internal:///./node_modules/@vue/runtime-core/dist/runtime-core.esm-bundler.js:252
[  663433ms] [WARNING] [Vue warn]: Property "name" was accessed during render but is not defined on instance. 
  at <Gsrbr010101 onVnodeUnmounted=fn<onVnodeUnmounted> ref=Ref< Proxy(Object) > lang="en" > 
  at <RouterView> 
  at <App onVnodeUnmounted=fn<onVnodeUnmounted> ref=Ref< Proxy(Object) > lang="en" > 
  at <RouterView> 
  at <App> @ webpack-internal:///./node_modules/@vue/runtime-core/dist/runtime-core.esm-bundler.js:252
[  663434ms] [WARNING] [Vue warn]: Property "name" was accessed during render but is not defined on instance. 
  at <Gsrbr010101 onVnodeUnmounted=fn<onVnodeUnmounted> ref=Ref< Proxy(Object) > lang="en" > 
  at <RouterView> 
  at <App onVnodeUnmounted=fn<onVnodeUnmounted> ref=Ref< Proxy(Object) > lang="en" > 
  at <RouterView> 
  at <App> @ webpack-internal:///./node_modules/@vue/runtime-core/dist/runtime-core.esm-bundler.js:252
[  663434ms] [WARNING] [Vue warn]: Property "name" was accessed during render but is not defined on instance. 
  at <Gsrbr010101 onVnodeUnmounted=fn<onVnodeUnmounted> ref=Ref< Proxy(Object) > lang="en" > 
  at <RouterView> 
  at <App onVnodeUnmounted=fn<onVnodeUnmounted> ref=Ref< Proxy(Object) > lang="en" > 
  at <RouterView> 
  at <App> @ webpack-internal:///./node_modules/@vue/runtime-core/dist/runtime-core.esm-bundler.js:252
[  664045ms] [WARNING] [Vue warn]: Property "name" was accessed during render but is not defined on instance. 
  at <Gsrbr010101 onVnodeUnmounted=fn<onVnodeUnmounted> ref=Ref< Proxy(Object) > lang="en" > 
  at <RouterView> 
  at <App onVnodeUnmounted=fn<onVnodeUnmounted> ref=Ref< Proxy(Object) > lang="en" > 
  at <RouterView> 
  at <App> @ webpack-internal:///./node_modules/@vue/runtime-core/dist/runtime-core.esm-bundler.js:252
[  664045ms] [WARNING] [Vue warn]: Property "name" was accessed during render but is not defined on instance. 
  at <Gsrbr010101 onVnodeUnmounted=fn<onVnodeUnmounted> ref=Ref< Proxy(Object) > lang="en" > 
  at <RouterView> 
  at <App onVnodeUnmounted=fn<onVnodeUnmounted> ref=Ref< Proxy(Object) > lang="en" > 
  at <RouterView> 
  at <App> @ webpack-internal:///./node_modules/@vue/runtime-core/dist/runtime-core.esm-bundler.js:252
[  664046ms] [WARNING] [Vue warn]: Property "name" was accessed during render but is not defined on instance. 
  at <Gsrbr010101 onVnodeUnmounted=fn<onVnodeUnmounted> ref=Ref< Proxy(Object) > lang="en" > 
  at <RouterView> 
  at <App onVnodeUnmounted=fn<onVnodeUnmounted> ref=Ref< Proxy(Object) > lang="en" > 
  at <RouterView> 
  at <App> @ webpack-internal:///./node_modules/@vue/runtime-core/dist/runtime-core.esm-bundler.js:252
[  664047ms] [WARNING] [Vue warn]: Property "name" was accessed during render but is not defined on instance. 
  at <Gsrbr010101 onVnodeUnmounted=fn<onVnodeUnmounted> ref=Ref< Proxy(Object) > lang="en" > 
  at <RouterView> 
  at <App onVnodeUnmounted=fn<onVnodeUnmounted> ref=Ref< Proxy(Object) > lang="en" > 
  at <RouterView> 
  at <App> @ webpack-internal:///./node_modules/@vue/runtime-core/dist/runtime-core.esm-bundler.js:252
[  664047ms] [WARNING] [Vue warn]: Property "name" was accessed during render but is not defined on instance. 
  at <Gsrbr010101 onVnodeUnmounted=fn<onVnodeUnmounted> ref=Ref< Proxy(Object) > lang="en" > 
  at <RouterView> 
  at <App onVnodeUnmounted=fn<onVnodeUnmounted> ref=Ref< Proxy(Object) > lang="en" > 
  at <RouterView> 
  at <App> @ webpack-internal:///./node_modules/@vue/runtime-core/dist/runtime-core.esm-bundler.js:252
[  664048ms] [WARNING] [Vue warn]: Property "name" was accessed during render but is not defined on instance. 
  at <Gsrbr010101 onVnodeUnmounted=fn<onVnodeUnmounted> ref=Ref< Proxy(Object) > lang="en" > 
  at <RouterView> 
  at <App onVnodeUnmounted=fn<onVnodeUnmounted> ref=Ref< Proxy(Object) > lang="en" > 
  at <RouterView> 
  at <App> @ webpack-internal:///./node_modules/@vue/runtime-core/dist/runtime-core.esm-bundler.js:252
[  664048ms] [WARNING] [Vue warn]: Property "name" was accessed during render but is not defined on instance. 
  at <Gsrbr010101 onVnodeUnmounted=fn<onVnodeUnmounted> ref=Ref< Proxy(Object) > lang="en" > 
  at <RouterView> 
  at <App onVnodeUnmounted=fn<onVnodeUnmounted> ref=Ref< Proxy(Object) > lang="en" > 
  at <RouterView> 
  at <App> @ webpack-internal:///./node_modules/@vue/runtime-core/dist/runtime-core.esm-bundler.js:252
[  664049ms] [WARNING] [Vue warn]: Property "name" was accessed during render but is not defined on instance. 
  at <Gsrbr010101 onVnodeUnmounted=fn<onVnodeUnmounted> ref=Ref< Proxy(Object) > lang="en" > 
  at <RouterView> 
  at <App onVnodeUnmounted=fn<onVnodeUnmounted> ref=Ref< Proxy(Object) > lang="en" > 
  at <RouterView> 
  at <App> @ webpack-internal:///./node_modules/@vue/runtime-core/dist/runtime-core.esm-bundler.js:252
[  664050ms] [WARNING] [Vue warn]: Property "name" was accessed during render but is not defined on instance. 
  at <Gsrbr010101 onVnodeUnmounted=fn<onVnodeUnmounted> ref=Ref< Proxy(Object) > lang="en" > 
  at <RouterView> 
  at <App onVnodeUnmounted=fn<onVnodeUnmounted> ref=Ref< Proxy(Object) > lang="en" > 
  at <RouterView> 
  at <App> @ webpack-internal:///./node_modules/@vue/runtime-core/dist/runtime-core.esm-bundler.js:252
[  664050ms] [WARNING] [Vue warn]: Property "name" was accessed during render but is not defined on instance. 
  at <Gsrbr010101 onVnodeUnmounted=fn<onVnodeUnmounted> ref=Ref< Proxy(Object) > lang="en" > 
  at <RouterView> 
  at <App onVnodeUnmounted=fn<onVnodeUnmounted> ref=Ref< Proxy(Object) > lang="en" > 
  at <RouterView> 
  at <App> @ webpack-internal:///./node_modules/@vue/runtime-core/dist/runtime-core.esm-bundler.js:252
[  664051ms] [WARNING] [Vue warn]: Property "name" was accessed during render but is not defined on instance. 
  at <Gsrbr010101 onVnodeUnmounted=fn<onVnodeUnmounted> ref=Ref< Proxy(Object) > lang="en" > 
  at <RouterView> 
  at <App onVnodeUnmounted=fn<onVnodeUnmounted> ref=Ref< Proxy(Object) > lang="en" > 
  at <RouterView> 
  at <App> @ webpack-internal:///./node_modules/@vue/runtime-core/dist/runtime-core.esm-bundler.js:252
[  666589ms] [WARNING] [Vue warn]: Property "name" was accessed during render but is not defined on instance. 
  at <Gsrbr010101 onVnodeUnmounted=fn<onVnodeUnmounted> ref=Ref< Proxy(Object) > lang="en" > 
  at <RouterView> 
  at <App onVnodeUnmounted=fn<onVnodeUnmounted> ref=Ref< Proxy(Object) > lang="en" > 
  at <RouterView> 
  at <App> @ webpack-internal:///./node_modules/@vue/runtime-core/dist/runtime-core.esm-bundler.js:252
[  666590ms] [WARNING] [Vue warn]: Property "name" was accessed during render but is not defined on instance. 
  at <Gsrbr010101 onVnodeUnmounted=fn<onVnodeUnmounted> ref=Ref< Proxy(Object) > lang="en" > 
  at <RouterView> 
  at <App onVnodeUnmounted=fn<onVnodeUnmounted> ref=Ref< Proxy(Object) > lang="en" > 
  at <RouterView> 
  at <App> @ webpack-internal:///./node_modules/@vue/runtime-core/dist/runtime-core.esm-bundler.js:252
[  666590ms] [WARNING] [Vue warn]: Property "name" was accessed during render but is not defined on instance. 
  at <Gsrbr010101 onVnodeUnmounted=fn<onVnodeUnmounted> ref=Ref< Proxy(Object) > lang="en" > 
  at <RouterView> 
  at <App onVnodeUnmounted=fn<onVnodeUnmounted> ref=Ref< Proxy(Object) > lang="en" > 
  at <RouterView> 
  at <App> @ webpack-internal:///./node_modules/@vue/runtime-core/dist/runtime-core.esm-bundler.js:252
[  666591ms] [WARNING] [Vue warn]: Property "name" was accessed during render but is not defined on instance. 
  at <Gsrbr010101 onVnodeUnmounted=fn<onVnodeUnmounted> ref=Ref< Proxy(Object) > lang="en" > 
  at <RouterView> 
  at <App onVnodeUnmounted=fn<onVnodeUnmounted> ref=Ref< Proxy(Object) > lang="en" > 
  at <RouterView> 
  at <App> @ webpack-internal:///./node_modules/@vue/runtime-core/dist/runtime-core.esm-bundler.js:252
[  666591ms] [WARNING] [Vue warn]: Property "name" was accessed during render but is not defined on instance. 
  at <Gsrbr010101 onVnodeUnmounted=fn<onVnodeUnmounted> ref=Ref< Proxy(Object) > lang="en" > 
  at <RouterView> 
  at <App onVnodeUnmounted=fn<onVnodeUnmounted> ref=Ref< Proxy(Object) > lang="en" > 
  at <RouterView> 
  at <App> @ webpack-internal:///./node_modules/@vue/runtime-core/dist/runtime-core.esm-bundler.js:252
[  666592ms] [WARNING] [Vue warn]: Property "name" was accessed during render but is not defined on instance. 
  at <Gsrbr010101 onVnodeUnmounted=fn<onVnodeUnmounted> ref=Ref< Proxy(Object) > lang="en" > 
  at <RouterView> 
  at <App onVnodeUnmounted=fn<onVnodeUnmounted> ref=Ref< Proxy(Object) > lang="en" > 
  at <RouterView> 
  at <App> @ webpack-internal:///./node_modules/@vue/runtime-core/dist/runtime-core.esm-bundler.js:252
[  666592ms] [WARNING] [Vue warn]: Property "name" was accessed during render but is not defined on instance. 
  at <Gsrbr010101 onVnodeUnmounted=fn<onVnodeUnmounted> ref=Ref< Proxy(Object) > lang="en" > 
  at <RouterView> 
  at <App onVnodeUnmounted=fn<onVnodeUnmounted> ref=Ref< Proxy(Object) > lang="en" > 
  at <RouterView> 
  at <App> @ webpack-internal:///./node_modules/@vue/runtime-core/dist/runtime-core.esm-bundler.js:252
[  666593ms] [WARNING] [Vue warn]: Property "name" was accessed during render but is not defined on instance. 
  at <Gsrbr010101 onVnodeUnmounted=fn<onVnodeUnmounted> ref=Ref< Proxy(Object) > lang="en" > 
  at <RouterView> 
  at <App onVnodeUnmounted=fn<onVnodeUnmounted> ref=Ref< Proxy(Object) > lang="en" > 
  at <RouterView> 
  at <App> @ webpack-internal:///./node_modules/@vue/runtime-core/dist/runtime-core.esm-bundler.js:252
[  666593ms] [WARNING] [Vue warn]: Property "name" was accessed during render but is not defined on instance. 
  at <Gsrbr010101 onVnodeUnmounted=fn<onVnodeUnmounted> ref=Ref< Proxy(Object) > lang="en" > 
  at <RouterView> 
  at <App onVnodeUnmounted=fn<onVnodeUnmounted> ref=Ref< Proxy(Object) > lang="en" > 
  at <RouterView> 
  at <App> @ webpack-internal:///./node_modules/@vue/runtime-core/dist/runtime-core.esm-bundler.js:252
[  666593ms] [WARNING] [Vue warn]: Property "name" was accessed during render but is not defined on instance. 
  at <Gsrbr010101 onVnodeUnmounted=fn<onVnodeUnmounted> ref=Ref< Proxy(Object) > lang="en" > 
  at <RouterView> 
  at <App onVnodeUnmounted=fn<onVnodeUnmounted> ref=Ref< Proxy(Object) > lang="en" > 
  at <RouterView> 
  at <App> @ webpack-internal:///./node_modules/@vue/runtime-core/dist/runtime-core.esm-bundler.js:252
[  666594ms] [WARNING] [Vue warn]: Property "name" was accessed during render but is not defined on instance. 
  at <Gsrbr010101 onVnodeUnmounted=fn<onVnodeUnmounted> ref=Ref< Proxy(Object) > lang="en" > 
  at <RouterView> 
  at <App onVnodeUnmounted=fn<onVnodeUnmounted> ref=Ref< Proxy(Object) > lang="en" > 
  at <RouterView> 
  at <App> @ webpack-internal:///./node_modules/@vue/runtime-core/dist/runtime-core.esm-bundler.js:252
[  746563ms] [WARNING] [Vue Router warn]: The route named "Guide_wrap" has a child without a name and an empty path. Using that name won't render the empty path child so you probably want to move the name to the child instead. If this is intentional, add a name to the child route to remove the warning. @ webpack-internal:///./node_modules/vue-router/dist/devtools-EWN81iOl.mjs:142
[  795504ms] [WARNING] [Vue warn]: Property "isMobile" was accessed during render but is not defined on instance. 
  at <Gsrbr0404> @ webpack-internal:///./node_modules/@vue/runtime-core/dist/runtime-core.esm-bundler.js:252
[  795505ms] [WARNING] [Vue warn]: Property "isMobile" was accessed during render but is not defined on instance. 
  at <Gsrbr0404> @ webpack-internal:///./node_modules/@vue/runtime-core/dist/runtime-core.esm-bundler.js:252
[  948699ms] [WARNING] [Vue Router warn]: The route named "Guide_wrap" has a child without a name and an empty path. Using that name won't render the empty path child so you probably want to move the name to the child instead. If this is intentional, add a name to the child route to remove the warning. @ webpack-internal:///./node_modules/vue-router/dist/devtools-EWN81iOl.mjs:142
[  952101ms] [WARNING] [Vue Router warn]: The route named "Guide_wrap" has a child without a name and an empty path. Using that name won't render the empty path child so you probably want to move the name to the child instead. If this is intentional, add a name to the child route to remove the warning. @ webpack-internal:///./node_modules/vue-router/dist/devtools-EWN81iOl.mjs:142
[  955654ms] [WARNING] [Vue Router warn]: The route named "Guide_wrap" has a child without a name and an empty path. Using that name won't render the empty path child so you probably want to move the name to the child instead. If this is intentional, add a name to the child route to remove the warning. @ webpack-internal:///./node_modules/vue-router/dist/devtools-EWN81iOl.mjs:142
[  965248ms] [WARNING] [Vue Router warn]: The route named "Guide_wrap" has a child without a name and an empty path. Using that name won't render the empty path child so you probably want to move the name to the child instead. If this is intentional, add a name to the child route to remove the warning. @ webpack-internal:///./node_modules/vue-router/dist/devtools-EWN81iOl.mjs:142
[  970177ms] [WARNING] [Vue warn]: Unhandled error during execution of render function 
  at <Gsrin0102 onVnodeUnmounted=fn<onVnodeUnmounted> ref=Ref< Proxy(Object) > lang="en" > 
  at <RouterView> 
  at <App onVnodeUnmounted=fn<onVnodeUnmounted> ref=Ref< Proxy(Object) > lang="en" > 
  at <RouterView> 
  at <App> @ webpack-internal:///./node_modules/@vue/runtime-core/dist/runtime-core.esm-bundler.js:252
[  970178ms] [WARNING] [Vue warn]: Unhandled error during execution of component update 
  at <Gsrin0102 onVnodeUnmounted=fn<onVnodeUnmounted> ref=Ref< Proxy(Object) > lang="en" > 
  at <RouterView> 
  at <App onVnodeUnmounted=fn<onVnodeUnmounted> ref=Ref< Proxy(Object) > lang="en" > 
  at <RouterView> 
  at <App> @ webpack-internal:///./node_modules/@vue/runtime-core/dist/runtime-core.esm-bundler.js:252
[  970190ms] TypeError: Cannot read properties of undefined (reading 'title')
    at Proxy.render (webpack-internal:///./node_modules/babel-loader/lib/index.js??clonedRuleSet-40.use[0]!./node_modules/vue-loader/dist/templateLoader.js??ruleSet[1].rules[3]!./node_modules/vue-loader/dist/index.js??ruleSet[0].use[0]!./src/uiPub/gsrin/01/gsrin0101.vue?vue&type=template&id=72deccbc&scoped=true:407:3662)
    at renderComponentRoot (webpack-internal:///./node_modules/@vue/runtime-core/dist/runtime-core.esm-bundler.js:4388:38)
    at ReactiveEffect.componentUpdateFn [as fn] (webpack-internal:///./node_modules/@vue/runtime-core/dist/runtime-core.esm-bundler.js:5786:26)
    at ReactiveEffect.run (webpack-internal:///./node_modules/@vue/reactivity/dist/reactivity.esm-bundler.js:358:19)
    at ReactiveEffect.runIfDirty (webpack-internal:///./node_modules/@vue/reactivity/dist/reactivity.esm-bundler.js:394:12)
    at callWithErrorHandling (webpack-internal:///./node_modules/@vue/runtime-core/dist/runtime-core.esm-bundler.js:400:33)
    at flushJobs (webpack-internal:///./node_modules/@vue/runtime-core/dist/runtime-core.esm-bundler.js:601:9)
[  999774ms] [WARNING] [Vue warn]: Unhandled error during execution of render function 
  at <Gsrin0102 onVnodeUnmounted=fn<onVnodeUnmounted> ref=Ref< Proxy(Object) > lang="en" > 
  at <RouterView> 
  at <App onVnodeUnmounted=fn<onVnodeUnmounted> ref=Ref< Proxy(Object) > lang="en" > 
  at <RouterView> 
  at <App> @ webpack-internal:///./node_modules/@vue/runtime-core/dist/runtime-core.esm-bundler.js:252
[  999775ms] [WARNING] [Vue warn]: Unhandled error during execution of component update 
  at <Gsrin0102 onVnodeUnmounted=fn<onVnodeUnmounted> ref=Ref< Proxy(Object) > lang="en" > 
  at <RouterView> 
  at <App onVnodeUnmounted=fn<onVnodeUnmounted> ref=Ref< Proxy(Object) > lang="en" > 
  at <RouterView> 
  at <App> @ webpack-internal:///./node_modules/@vue/runtime-core/dist/runtime-core.esm-bundler.js:252
[  999785ms] TypeError: Cannot read properties of undefined (reading 'title')
    at Proxy.render (webpack-internal:///./node_modules/babel-loader/lib/index.js??clonedRuleSet-40.use[0]!./node_modules/vue-loader/dist/templateLoader.js??ruleSet[1].rules[3]!./node_modules/vue-loader/dist/index.js??ruleSet[0].use[0]!./src/uiPub/gsrin/01/gsrin0101.vue?vue&type=template&id=72deccbc&scoped=true:407:3662)
    at renderComponentRoot (webpack-internal:///./node_modules/@vue/runtime-core/dist/runtime-core.esm-bundler.js:4388:38)
    at ReactiveEffect.componentUpdateFn [as fn] (webpack-internal:///./node_modules/@vue/runtime-core/dist/runtime-core.esm-bundler.js:5786:26)
    at ReactiveEffect.run (webpack-internal:///./node_modules/@vue/reactivity/dist/reactivity.esm-bundler.js:358:19)
    at ReactiveEffect.runIfDirty (webpack-internal:///./node_modules/@vue/reactivity/dist/reactivity.esm-bundler.js:394:12)
    at callWithErrorHandling (webpack-internal:///./node_modules/@vue/runtime-core/dist/runtime-core.esm-bundler.js:400:33)
    at flushJobs (webpack-internal:///./node_modules/@vue/runtime-core/dist/runtime-core.esm-bundler.js:601:9)
[ 1024314ms] [WARNING] [Vue warn]: Unhandled error during execution of render function 
  at <Gsrin0102 onVnodeUnmounted=fn<onVnodeUnmounted> ref=Ref< Proxy(Object) > lang="en" > 
  at <RouterView> 
  at <App onVnodeUnmounted=fn<onVnodeUnmounted> ref=Ref< Proxy(Object) > lang="en" > 
  at <RouterView> 
  at <App> @ webpack-internal:///./node_modules/@vue/runtime-core/dist/runtime-core.esm-bundler.js:252
[ 1024315ms] [WARNING] [Vue warn]: Unhandled error during execution of component update 
  at <RouterView> 
  at <App onVnodeUnmounted=fn<onVnodeUnmounted> ref=Ref< Proxy(Object) > lang="en" > 
  at <RouterView> 
  at <App> @ webpack-internal:///./node_modules/@vue/runtime-core/dist/runtime-core.esm-bundler.js:252
[ 1024329ms] TypeError: Cannot read properties of undefined (reading 'title')
    at Proxy.render (webpack-internal:///./node_modules/babel-loader/lib/index.js??clonedRuleSet-40.use[0]!./node_modules/vue-loader/dist/templateLoader.js??ruleSet[1].rules[3]!./node_modules/vue-loader/dist/index.js??ruleSet[0].use[0]!./src/uiPub/gsrin/01/gsrin0101.vue?vue&type=template&id=72deccbc&scoped=true:407:3662)
    at renderComponentRoot (webpack-internal:///./node_modules/@vue/runtime-core/dist/runtime-core.esm-bundler.js:4388:38)
    at ReactiveEffect.componentUpdateFn [as fn] (webpack-internal:///./node_modules/@vue/runtime-core/dist/runtime-core.esm-bundler.js:5786:26)
    at ReactiveEffect.run (webpack-internal:///./node_modules/@vue/reactivity/dist/reactivity.esm-bundler.js:358:19)
    at updateComponent (webpack-internal:///./node_modules/@vue/runtime-core/dist/runtime-core.esm-bundler.js:5653:18)
    at processComponent (webpack-internal:///./node_modules/@vue/runtime-core/dist/runtime-core.esm-bundler.js:5599:7)
    at patch (webpack-internal:///./node_modules/@vue/runtime-core/dist/runtime-core.esm-bundler.js:5251:11)
    at ReactiveEffect.componentUpdateFn [as fn] (webpack-internal:///./node_modules/@vue/runtime-core/dist/runtime-core.esm-bundler.js:5795:9)
    at ReactiveEffect.run (webpack-internal:///./node_modules/@vue/reactivity/dist/reactivity.esm-bundler.js:358:19)
    at ReactiveEffect.runIfDirty (webpack-internal:///./node_modules/@vue/reactivity/dist/reactivity.esm-bundler.js:394:12)
[ 2156601ms] [WARNING] [Vue Router warn]: The route named "Guide_wrap" has a child without a name and an empty path. Using that name won't render the empty path child so you probably want to move the name to the child instead. If this is intentional, add a name to the child route to remove the warning. @ webpack-internal:///./node_modules/vue-router/dist/devtools-EWN81iOl.mjs:142
[ 2156742ms] [WARNING] Swiper Loop Warning: The number of slides is not enough for loop mode, it will be disabled or not function properly. You need to add more slides (or make duplicates) or lower the values of slidesPerView and slidesPerGroup parameters @ webpack-internal:///./node_modules/swiper/shared/utils.mjs:244
[ 2156765ms] [LOG] [video] JSHandle@node @ webpack-internal:///./node_modules/babel-loader/lib/index.js??clonedRuleSet-40.use[0]!./node_modules/vue-loader/dist/index.js??ruleSet[0].use[0]!./src/uiPub/gsrmain/gsrmain.vue?vue&type=script&lang=js:585
[ 2156765ms] [LOG] [hero] JSHandle@node @ webpack-internal:///./node_modules/babel-loader/lib/index.js??clonedRuleSet-40.use[0]!./node_modules/vue-loader/dist/index.js??ruleSet[0].use[0]!./src/uiPub/gsrmain/gsrmain.vue?vue&type=script&lang=js:586
