[      79ms] [WARNING] [Vue Router warn]: The route named "Guide_wrap" has a child without a name and an empty path. Using that name won't render the empty path child so you probably want to move the name to the child instead. If this is intentional, add a name to the child route to remove the warning. @ webpack-internal:///./node_modules/vue-router/dist/devtools-EWN81iOl.mjs:142
[  146233ms] [WARNING] [Vue warn]: Avoid app logic that relies on enumerating keys on a component instance. The keys will be empty in production mode to avoid performance overhead. @ webpack-internal:///./node_modules/@vue/runtime-core/dist/runtime-core.esm-bundler.js:252
[  159862ms] [WARNING] [Vue warn]: Property "class_test" was accessed during render but is not defined on instance. 
  at <Gsrsu03010101 onVnodeUnmounted=fn<onVnodeUnmounted> ref=Ref< Proxy(Object) > lang="en" > 
  at <RouterView> 
  at <App onVnodeUnmounted=fn<onVnodeUnmounted> ref=Ref< Proxy(Object) > lang="en" > 
  at <RouterView> 
  at <App> @ webpack-internal:///./node_modules/@vue/runtime-core/dist/runtime-core.esm-bundler.js:252
[  166589ms] [WARNING] [Vue warn]: There is already an app instance mounted on the host container.
 If you want to mount another app on the same host container, you need to unmount the previous app by calling `app.unmount()` first. @ webpack-internal:///./node_modules/@vue/runtime-core/dist/runtime-core.esm-bundler.js:252
[  292895ms] [WARNING] [Vue warn]: Property "name" was accessed during render but is not defined on instance. 
  at <Gsrbr010101 onVnodeUnmounted=fn<onVnodeUnmounted> ref=Ref< null > lang="en" > 
  at <RouterView> 
  at <App onVnodeUnmounted=fn<onVnodeUnmounted> ref=Ref< Proxy(Object) > lang="en" > 
  at <RouterView> 
  at <App> @ webpack-internal:///./node_modules/@vue/runtime-core/dist/runtime-core.esm-bundler.js:252
[  292895ms] [WARNING] [Vue warn]: Property "name" was accessed during render but is not defined on instance. 
  at <Gsrbr010101 onVnodeUnmounted=fn<onVnodeUnmounted> ref=Ref< null > lang="en" > 
  at <RouterView> 
  at <App onVnodeUnmounted=fn<onVnodeUnmounted> ref=Ref< Proxy(Object) > lang="en" > 
  at <RouterView> 
  at <App> @ webpack-internal:///./node_modules/@vue/runtime-core/dist/runtime-core.esm-bundler.js:252
[  292896ms] [WARNING] [Vue warn]: Property "name" was accessed during render but is not defined on instance. 
  at <Gsrbr010101 onVnodeUnmounted=fn<onVnodeUnmounted> ref=Ref< null > lang="en" > 
  at <RouterView> 
  at <App onVnodeUnmounted=fn<onVnodeUnmounted> ref=Ref< Proxy(Object) > lang="en" > 
  at <RouterView> 
  at <App> @ webpack-internal:///./node_modules/@vue/runtime-core/dist/runtime-core.esm-bundler.js:252
[  292896ms] [WARNING] [Vue warn]: Property "name" was accessed during render but is not defined on instance. 
  at <Gsrbr010101 onVnodeUnmounted=fn<onVnodeUnmounted> ref=Ref< null > lang="en" > 
  at <RouterView> 
  at <App onVnodeUnmounted=fn<onVnodeUnmounted> ref=Ref< Proxy(Object) > lang="en" > 
  at <RouterView> 
  at <App> @ webpack-internal:///./node_modules/@vue/runtime-core/dist/runtime-core.esm-bundler.js:252
[  292897ms] [WARNING] [Vue warn]: Property "name" was accessed during render but is not defined on instance. 
  at <Gsrbr010101 onVnodeUnmounted=fn<onVnodeUnmounted> ref=Ref< null > lang="en" > 
  at <RouterView> 
  at <App onVnodeUnmounted=fn<onVnodeUnmounted> ref=Ref< Proxy(Object) > lang="en" > 
  at <RouterView> 
  at <App> @ webpack-internal:///./node_modules/@vue/runtime-core/dist/runtime-core.esm-bundler.js:252
[  292897ms] [WARNING] [Vue warn]: Property "name" was accessed during render but is not defined on instance. 
  at <Gsrbr010101 onVnodeUnmounted=fn<onVnodeUnmounted> ref=Ref< null > lang="en" > 
  at <RouterView> 
  at <App onVnodeUnmounted=fn<onVnodeUnmounted> ref=Ref< Proxy(Object) > lang="en" > 
  at <RouterView> 
  at <App> @ webpack-internal:///./node_modules/@vue/runtime-core/dist/runtime-core.esm-bundler.js:252
[  292898ms] [WARNING] [Vue warn]: Property "name" was accessed during render but is not defined on instance. 
  at <Gsrbr010101 onVnodeUnmounted=fn<onVnodeUnmounted> ref=Ref< null > lang="en" > 
  at <RouterView> 
  at <App onVnodeUnmounted=fn<onVnodeUnmounted> ref=Ref< Proxy(Object) > lang="en" > 
  at <RouterView> 
  at <App> @ webpack-internal:///./node_modules/@vue/runtime-core/dist/runtime-core.esm-bundler.js:252
[  292899ms] [WARNING] [Vue warn]: Property "name" was accessed during render but is not defined on instance. 
  at <Gsrbr010101 onVnodeUnmounted=fn<onVnodeUnmounted> ref=Ref< null > lang="en" > 
  at <RouterView> 
  at <App onVnodeUnmounted=fn<onVnodeUnmounted> ref=Ref< Proxy(Object) > lang="en" > 
  at <RouterView> 
  at <App> @ webpack-internal:///./node_modules/@vue/runtime-core/dist/runtime-core.esm-bundler.js:252
[  292899ms] [WARNING] [Vue warn]: Property "name" was accessed during render but is not defined on instance. 
  at <Gsrbr010101 onVnodeUnmounted=fn<onVnodeUnmounted> ref=Ref< null > lang="en" > 
  at <RouterView> 
  at <App onVnodeUnmounted=fn<onVnodeUnmounted> ref=Ref< Proxy(Object) > lang="en" > 
  at <RouterView> 
  at <App> @ webpack-internal:///./node_modules/@vue/runtime-core/dist/runtime-core.esm-bundler.js:252
[  292900ms] [WARNING] [Vue warn]: Property "name" was accessed during render but is not defined on instance. 
  at <Gsrbr010101 onVnodeUnmounted=fn<onVnodeUnmounted> ref=Ref< null > lang="en" > 
  at <RouterView> 
  at <App onVnodeUnmounted=fn<onVnodeUnmounted> ref=Ref< Proxy(Object) > lang="en" > 
  at <RouterView> 
  at <App> @ webpack-internal:///./node_modules/@vue/runtime-core/dist/runtime-core.esm-bundler.js:252
[  292900ms] [WARNING] [Vue warn]: Property "name" was accessed during render but is not defined on instance. 
  at <Gsrbr010101 onVnodeUnmounted=fn<onVnodeUnmounted> ref=Ref< null > lang="en" > 
  at <RouterView> 
  at <App onVnodeUnmounted=fn<onVnodeUnmounted> ref=Ref< Proxy(Object) > lang="en" > 
  at <RouterView> 
  at <App> @ webpack-internal:///./node_modules/@vue/runtime-core/dist/runtime-core.esm-bundler.js:252
[  653165ms] [WARNING] [Vue warn]: Property "name" was accessed during render but is not defined on instance. 
  at <Gsrbr010101 onVnodeUnmounted=fn<onVnodeUnmounted> ref=Ref< null > lang="en" > 
  at <RouterView> 
  at <App onVnodeUnmounted=fn<onVnodeUnmounted> ref=Ref< Proxy(Object) > lang="en" > 
  at <RouterView> 
  at <App> @ webpack-internal:///./node_modules/@vue/runtime-core/dist/runtime-core.esm-bundler.js:252
[  653166ms] [WARNING] [Vue warn]: Property "name" was accessed during render but is not defined on instance. 
  at <Gsrbr010101 onVnodeUnmounted=fn<onVnodeUnmounted> ref=Ref< null > lang="en" > 
  at <RouterView> 
  at <App onVnodeUnmounted=fn<onVnodeUnmounted> ref=Ref< Proxy(Object) > lang="en" > 
  at <RouterView> 
  at <App> @ webpack-internal:///./node_modules/@vue/runtime-core/dist/runtime-core.esm-bundler.js:252
[  653166ms] [WARNING] [Vue warn]: Property "name" was accessed during render but is not defined on instance. 
  at <Gsrbr010101 onVnodeUnmounted=fn<onVnodeUnmounted> ref=Ref< null > lang="en" > 
  at <RouterView> 
  at <App onVnodeUnmounted=fn<onVnodeUnmounted> ref=Ref< Proxy(Object) > lang="en" > 
  at <RouterView> 
  at <App> @ webpack-internal:///./node_modules/@vue/runtime-core/dist/runtime-core.esm-bundler.js:252
[  653167ms] [WARNING] [Vue warn]: Property "name" was accessed during render but is not defined on instance. 
  at <Gsrbr010101 onVnodeUnmounted=fn<onVnodeUnmounted> ref=Ref< null > lang="en" > 
  at <RouterView> 
  at <App onVnodeUnmounted=fn<onVnodeUnmounted> ref=Ref< Proxy(Object) > lang="en" > 
  at <RouterView> 
  at <App> @ webpack-internal:///./node_modules/@vue/runtime-core/dist/runtime-core.esm-bundler.js:252
[  653167ms] [WARNING] [Vue warn]: Property "name" was accessed during render but is not defined on instance. 
  at <Gsrbr010101 onVnodeUnmounted=fn<onVnodeUnmounted> ref=Ref< null > lang="en" > 
  at <RouterView> 
  at <App onVnodeUnmounted=fn<onVnodeUnmounted> ref=Ref< Proxy(Object) > lang="en" > 
  at <RouterView> 
  at <App> @ webpack-internal:///./node_modules/@vue/runtime-core/dist/runtime-core.esm-bundler.js:252
[  653168ms] [WARNING] [Vue warn]: Property "name" was accessed during render but is not defined on instance. 
  at <Gsrbr010101 onVnodeUnmounted=fn<onVnodeUnmounted> ref=Ref< null > lang="en" > 
  at <RouterView> 
  at <App onVnodeUnmounted=fn<onVnodeUnmounted> ref=Ref< Proxy(Object) > lang="en" > 
  at <RouterView> 
  at <App> @ webpack-internal:///./node_modules/@vue/runtime-core/dist/runtime-core.esm-bundler.js:252
[  653168ms] [WARNING] [Vue warn]: Property "name" was accessed during render but is not defined on instance. 
  at <Gsrbr010101 onVnodeUnmounted=fn<onVnodeUnmounted> ref=Ref< null > lang="en" > 
  at <RouterView> 
  at <App onVnodeUnmounted=fn<onVnodeUnmounted> ref=Ref< Proxy(Object) > lang="en" > 
  at <RouterView> 
  at <App> @ webpack-internal:///./node_modules/@vue/runtime-core/dist/runtime-core.esm-bundler.js:252
[  653169ms] [WARNING] [Vue warn]: Property "name" was accessed during render but is not defined on instance. 
  at <Gsrbr010101 onVnodeUnmounted=fn<onVnodeUnmounted> ref=Ref< null > lang="en" > 
  at <RouterView> 
  at <App onVnodeUnmounted=fn<onVnodeUnmounted> ref=Ref< Proxy(Object) > lang="en" > 
  at <RouterView> 
  at <App> @ webpack-internal:///./node_modules/@vue/runtime-core/dist/runtime-core.esm-bundler.js:252
[  653169ms] [WARNING] [Vue warn]: Property "name" was accessed during render but is not defined on instance. 
  at <Gsrbr010101 onVnodeUnmounted=fn<onVnodeUnmounted> ref=Ref< null > lang="en" > 
  at <RouterView> 
  at <App onVnodeUnmounted=fn<onVnodeUnmounted> ref=Ref< Proxy(Object) > lang="en" > 
  at <RouterView> 
  at <App> @ webpack-internal:///./node_modules/@vue/runtime-core/dist/runtime-core.esm-bundler.js:252
[  653170ms] [WARNING] [Vue warn]: Property "name" was accessed during render but is not defined on instance. 
  at <Gsrbr010101 onVnodeUnmounted=fn<onVnodeUnmounted> ref=Ref< null > lang="en" > 
  at <RouterView> 
  at <App onVnodeUnmounted=fn<onVnodeUnmounted> ref=Ref< Proxy(Object) > lang="en" > 
  at <RouterView> 
  at <App> @ webpack-internal:///./node_modules/@vue/runtime-core/dist/runtime-core.esm-bundler.js:252
[  653172ms] [WARNING] [Vue warn]: Property "name" was accessed during render but is not defined on instance. 
  at <Gsrbr010101 onVnodeUnmounted=fn<onVnodeUnmounted> ref=Ref< null > lang="en" > 
  at <RouterView> 
  at <App onVnodeUnmounted=fn<onVnodeUnmounted> ref=Ref< Proxy(Object) > lang="en" > 
  at <RouterView> 
  at <App> @ webpack-internal:///./node_modules/@vue/runtime-core/dist/runtime-core.esm-bundler.js:252
